warning: `VIRTUAL_ENV=/Library/Frameworks/Python.framework/Versions/3.13` does not match the project environment path `.venv` and will be ignored
Fetching actbl.js ...
Fetching titletbl.js ...
Found 673 ☆11 SP songs
Loading CPI data ...
CPI entries: 602
CPI matched: 59, unmatched: 614
[1/673] 'AIR RAID FROM THA UNDAGROUND' (A, CPI) ...
[2/673] 'ALBA-黎明-' (A, CPI) ...
[3/673] 'Amazing Mirage' (A, CPI) ...
[4/673] 'Anisakis-somatic mutation type \\-' (A, CPI) ...
[5/673] 'Arabian Rave Night' (A, CPI) ...
[6/673] 'B4U(BEMANI FOR YOU MIX)' (A, CPI) ...
[7/673] 'Be quiet' (A, CPI) ...
[8/673] 'Blue Rain' (A, CPI) ...
[9/673] 'Bow shock!!' (A, CPI) ...
[10/673] 'BroGamer' (A, CPI) ...
[11/673] 'Burning Flame' (A, CPI) ...
[12/673] 'Caldwell 99' (A, CPI) ...
[13/673] 'CaptivAte～浄化～' (A, CPI) ...
[14/673] 'ChaserXX' (A, CPI) ...
[15/673] 'CHRONO DIVER -NORNIR-' (A, CPI) ...
[16/673] 'CODE:Ø' (A, CPI) ...
[17/673] 'CONTRACT' (A, CPI) ...
[18/673] 'Cosmic Cat' (A, CPI) ...
[19/673] 'four pieces of heaven' (A, CPI) ...
[20/673] 'Ganymede' (A, CPI) ...
[21/673] 'HYENA' (A, CPI) ...
[22/673] 'Illegal Function Call' (A, CPI) ...
[23/673] 'KAMAITACHI' (A, CPI) ...
[24/673] 'KING' (A, CPI) ...
[25/673] 'Kung-fu Empire' (A, CPI) ...
[26/673] 'Little Little Princess' (A, CPI) ...
[27/673] 'Lost Souls' (A, CPI) ...
[28/673] 'Marie Antoinette' (A, CPI) ...
[29/673] 'Nothing but Theory' (A, CPI) ...
[30/673] 'Override' (A, CPI) ...
[31/673] 'QUANTUM TELEPORTATION' (A, CPI) ...
[32/673] 'RED ZONE' (A, CPI) ...
[33/673] 'REVOLVER' (A, CPI) ...
[34/673] 'SAMURAI-Scramble' (A, CPI) ...
[35/673] 'Saturn' (A, CPI) ...
[36/673] 'Scripted Connection⇒ H mix' (A, CPI) ...
[37/673] 'Secrets' (A, CPI) ...
[38/673] 'SOLID WYVERN' (A, CPI) ...
[39/673] 'spiral galaxy' (A, CPI) ...
[40/673] 'STARLIGHT DANCEHALL' (A, CPI) ...
[41/673] 'STEEL NEEDLE' (A, CPI) ...
[42/673] 'THE DEEP STRIKER' (A, CPI) ...
[43/673] 'Time to Air' (A, CPI) ...
[44/673] 'TRANOID' (A, CPI) ...
[45/673] 'Übertreffen' (A, CPI) ...
[46/673] 'waxing and wanding' (A, CPI) ...
[47/673] 'Ypsilon' (A, CPI) ...
[48/673] 'ZEPHYRANTHES' (A, CPI) ...
[49/673] 'カジノファイヤーことみちゃん' (A, CPI) ...
[50/673] '仮想空間の旅人たち' (A, CPI) ...
[51/673] '華蝶風雪' (A, CPI) ...
[52/673] '君のハートにロックオン' (A, CPI) ...
[53/673] 'グッバイ宣言' (A, CPI) ...
[54/673] '#The_Relentless' (A, CPI) ...
[55/673] '超青少年ノ為ノ超多幸ナ超古典的超舞曲' (A, CPI) ...
[56/673] 'ハイテックトキオ' (A, CPI) ...
[57/673] 'フォニイ' (A, CPI) ...
[58/673] '龍王の霊廟(Mausoleum Of The Primal Dragon)' (A, CPI) ...
[59/673] '龍と少女とデコヒーレンス' (A, CPI) ...
[60/673] 'A Certified Rave Moment' (A, no-CPI) ...
[61/673] 'A Tale Hidden In The Abyss' (A, no-CPI) ...
[62/673] 'Abraxas' (A, no-CPI) ...
[63/673] 'ABSOLUTE (kors k Remix)' (A, no-CPI) ...
[64/673] 'Abyss-The Heavens Remix-' (X, no-CPI) ...
[65/673] 'ADAMANT' (A, no-CPI) ...
[66/673] 'Aegis' (A, no-CPI) ...
[67/673] 'AFRO KNUCKLE' (A, no-CPI) ...
[68/673] "Afterimage d'automne" (A, no-CPI) ...
[69/673] 'AGEHA' (X, no-CPI) ...
[70/673] 'Ah Hah Yeah' (A, no-CPI) ...
[71/673] 'All is Wrecked' (A, no-CPI) ...
[72/673] 'ALL MY TURN-このターンに、オレの全てを賭ける-' (A, no-CPI) ...
[73/673] 'Ambush Ace' (A, no-CPI) ...
[74/673] 'Amethyst' (A, no-CPI) ...
[75/673] 'Amnolys' (A, no-CPI) ...
[76/673] 'Amor De Verão' (A, no-CPI) ...
[77/673] 'AMRITA -不滅ノ花-' (A, no-CPI) ...
[78/673] 'ANDROMEDA' (A, no-CPI) ...
[79/673] 'Angelic Jelly' (A, no-CPI) ...
[80/673] 'ANTHEM LANDING' (A, no-CPI) ...
[81/673] 'apo:llioth' (A, no-CPI) ...
[82/673] 'Around the Future' (A, no-CPI) ...
[83/673] 'Around The Galaxy' (A, no-CPI) ...
[84/673] 'AsiaN distractive' (A, no-CPI) ...
[85/673] 'Atröpøs' (A, no-CPI) ...
[86/673] 'Aublia' (A, no-CPI) ...
[87/673] 'Aurora' (A, no-CPI) ...
[88/673] 'BabeL ～Grand Story～' (A, no-CPI) ...
[89/673] 'Bahram Attack-猫叉Master Remix-' (X, no-CPI) ...
[90/673] 'Bang-Boo Bumble' (A, no-CPI) ...
[91/673] 'Bang Bang Dance' (A, no-CPI) ...
[92/673] 'Banger Banger Banger Banger' (A, no-CPI) ...
[93/673] 'Battle Train-IIDX Edition-' (A, no-CPI) ...
[94/673] 'Battleground' (A, no-CPI) ...
[95/673] 'BattleRoyal' (A, no-CPI) ...
[96/673] 'Be a Hero!' (A, no-CPI) ...
[97/673] 'Be A Star' (A, no-CPI) ...
[98/673] 'Be OK' (X, no-CPI) ...
[99/673] 'Beastie Starter' (A, no-CPI) ...
[100/673] 'Beat Juggling Mix' (A, no-CPI) ...
[101/673] 'Believe In Me' (A, no-CPI) ...
[102/673] 'Beyond The Earth' (A, no-CPI) ...
[103/673] 'Beyond The Seven' (A, no-CPI) ...
[104/673] 'Blame' (A, no-CPI) ...
[105/673] 'Blaze it UP!' (A, no-CPI) ...
[106/673] 'Blind Justice～Torn souls,Hurt Faiths～' (A, no-CPI) ...
[107/673] 'Bling-Bang-Bang-Born' (X, no-CPI) ...
[108/673] 'BLOCKS' (A, no-CPI) ...
[109/673] "bloomin' feeling" (A, no-CPI) ...
[110/673] 'BLUST OF WIND' (X, no-CPI) ...
[111/673] 'Bounce Bounce Bounce' (A, no-CPI) ...
[112/673] 'Brahma' (A, no-CPI) ...
[113/673] 'BRAINSTORM' (A, no-CPI) ...
[114/673] 'BRAVE OUT' (X, no-CPI) ...
[115/673] 'BREAK OVER' (A, no-CPI) ...
[116/673] "Breakin' Rules" (A, no-CPI) ...
[117/673] 'Breaking Dawn feat. NO+CHIN, AYANO' (A, no-CPI) ...
[118/673] 'Broadbanded' (A, no-CPI) ...
[119/673] 'BROKEN EDEN' (A, no-CPI) ...
[120/673] 'Buffalo' (X, no-CPI) ...
[121/673] 'Butterfly Twist' (A, no-CPI) ...
[122/673] 'C-C-C-N-N-N' (A, no-CPI) ...
[123/673] 'CALL' (X, no-CPI) ...
[124/673] 'CaptivAte2～覚醒～' (A, no-CPI) ...
[125/673] 'Castle on the Moon' (A, no-CPI) ...
[126/673] 'Catch Me' (X, no-CPI) ...
[127/673] 'Catch ya Getcha!' (A, no-CPI) ...
[128/673] 'Change Yourself' (A, no-CPI) ...
[129/673] 'chaos eater-IIDX edition-' (A, no-CPI) ...
[130/673] 'CHAOTIC SUNBIRD' (A, no-CPI) ...
[131/673] 'CHECKING YOU OUT' (A, no-CPI) ...
[132/673] 'Chemical Colours' (A, no-CPI) ...
[133/673] 'Chronos' (A, no-CPI) ...
[134/673] 'City Never Sleeps(IIDX EDITION)' (A, no-CPI) ...
[135/673] 'Cleopatrysm' (A, no-CPI) ...
[136/673] 'Click Again' (A, no-CPI) ...
[137/673] 'CODE -CRiMSON-' (A, no-CPI) ...
[138/673] 'CODE:2' (A, no-CPI) ...
[139/673] 'COLOSSEUM' (A, no-CPI) ...
[140/673] 'CONCEPTUAL' (A, no-CPI) ...
[141/673] 'CONNECT-' (A, no-CPI) ...
[142/673] 'Constellation' (A, no-CPI) ...
[143/673] 'Cookie Bouquets' (A, no-CPI) ...
[144/673] 'COSMIC CYBER' (A, no-CPI) ...
[145/673] 'Countdown to Heaven or Hell' (A, no-CPI) ...
[146/673] 'Crazy Jackpot' (A, no-CPI) ...
[147/673] 'crew' (A, no-CPI) ...
[148/673] 'Critical Crystal' (A, no-CPI) ...
[149/673] 'Cyber True Color' (A, no-CPI) ...
[150/673] 'D' (A, no-CPI) ...
[151/673] 'D.C.fish' (A, no-CPI) ...
[152/673] 'Daily Lunch Special' (A, no-CPI) ...
[153/673] 'Danza Aestas' (A, no-CPI) ...
[154/673] 'Dark Fall' (A, no-CPI) ...
[155/673] 'DAWN-THE NEXT ENDEAVOUR-' (A, no-CPI) ...
[156/673] 'DAZZLE ATTACK' (A, no-CPI) ...
[157/673] 'Debtty Daddy' (A, no-CPI) ...
[158/673] 'Deceive Your Insight' (A, no-CPI) ...
[159/673] 'DEEP ROAR' (A, no-CPI) ...
[160/673] 'Derelict Star feat. Ryu*' (A, no-CPI) ...
[161/673] 'DESIRE' (A, no-CPI) ...
[162/673] 'Destiny Sword' (A, no-CPI) ...
[163/673] 'Devilz Sacrifice-贖罪の羊-' (A, no-CPI) ...
[164/673] 'diagram' (A, no-CPI) ...
[165/673] 'DIAMOND JACKAL' (A, no-CPI) ...
[166/673] 'Digitank System' (A, no-CPI) ...
[167/673] 'DISAPPEAR feat. koyomin' (A, no-CPI) ...
[168/673] 'Discloze' (A, no-CPI) ...
[169/673] 'DISPARATE' (A, no-CPI) ...
[170/673] 'Divine Heaven' (A, no-CPI) ...
[171/673] 'Do it!! Do it!!' (A, no-CPI) ...
[172/673] 'DREAM OF SPACE UFO ABDUCTION' (A, no-CPI) ...
[173/673] 'DROP' (A, no-CPI) ...
[174/673] 'Drop It' (A, no-CPI) ...
[175/673] 'Echoes of Sunfall' (A, no-CPI) ...
[176/673] 'EDEN' (X, no-CPI) ...
[177/673] 'Egret and Willow' (A, no-CPI) ...
[178/673] 'Eine Haube ～聖地の果てにあるもの～' (A, no-CPI) ...
[179/673] 'Element of SPADA' (X, no-CPI) ...
[180/673] 'Elisha' (A, no-CPI) ...
[181/673] 'ELYSIUM' (A, no-CPI) ...
[182/673] 'Emera' (A, no-CPI) ...
[183/673] 'Empire State Glory' (A, no-CPI) ...
[184/673] 'Energy Drive' (A, no-CPI) ...
[185/673] 'Engraved Mark' (A, no-CPI) ...
[186/673] 'Ergosphere' (A, no-CPI) ...
[187/673] 'Erosion Mark' (A, no-CPI) ...
[188/673] 'everlastingeuphoria:' (A, no-CPI) ...
[189/673] 'examination leave' (A, no-CPI) ...
[190/673] 'Exhaust Hype' (A, no-CPI) ...
[191/673] 'EXODUS SIGN' (A, no-CPI) ...
[192/673] 'Explorer feat. ぷにぷに電機' (X, no-CPI) ...
[193/673] 'EXTREME MACH COLLIDER' (A, no-CPI) ...
[194/673] 'Farewell to Marrakech' (A, no-CPI) ...
[195/673] 'Fashion Fruit' (A, no-CPI) ...
[196/673] 'Fervidex' (A, no-CPI) ...
[197/673] 'FINALLY BLAZE' (A, no-CPI) ...
[198/673] 'FIRE BALL' (A, no-CPI) ...
[199/673] "Flash Back 90's" (X, no-CPI) ...
[200/673] 'FLOWER' (A, no-CPI) ...
[201/673] 'Fractal' (A, no-CPI) ...
[202/673] 'FREEDOM' (A, no-CPI) ...
[203/673] 'Funny shuffle' (A, no-CPI) ...
[204/673] 'FUTURE is Dead' (A, no-CPI) ...
[205/673] 'G2' (A, no-CPI) ...
[206/673] 'GALGALIM' (A, no-CPI) ...
[207/673] 'Game Changers' (A, no-CPI) ...
[208/673] 'Garuda' (A, no-CPI) ...
[209/673] 'GENOCIDE' (A, no-CPI) ...
[210/673] 'Get Higher' (A, no-CPI) ...
[211/673] 'Get On Your Feet' (A, no-CPI) ...
[212/673] 'GET READY!!' (A, no-CPI) ...
[213/673] 'GHOST' (A, no-CPI) ...
[214/673] 'GIGA RAID' (A, no-CPI) ...
[215/673] 'GIGA THRASH' (A, no-CPI) ...
[216/673] 'GIGA VIOLATE' (A, no-CPI) ...
[217/673] 'GIGANT' (X, no-CPI) ...
[218/673] 'Giudecca' (A, no-CPI) ...
[219/673] 'PON\\,' (A, no-CPI) ...
[220/673] 'GloriosA' (A, no-CPI) ...
[221/673] 'GLORIOUS HAMMER' (A, no-CPI) ...
[222/673] 'GO!' (A, no-CPI) ...
[223/673] 'GOBBLE' (A, no-CPI) ...
[224/673] 'GOLD RUSH' (A, no-CPI) ...
[225/673] 'GOLD RUSH 2025' (A, no-CPI) ...
[226/673] 'Halfway of promise' (A, no-CPI) ...
[227/673] 'Hallucination' (A, no-CPI) ...
[228/673] 'HAPPY★RUSH' (A, no-CPI) ...
[229/673] 'Harmony and Lovely' (A, no-CPI) ...
[230/673] 'Hat Surprise' (A, no-CPI) ...
[231/673] 'Hat Surprise (Season 3)' (A, no-CPI) ...
[232/673] 'Heavenly Sun(IIDX VERSION)' (X, no-CPI) ...
[233/673] 'HEISEI' (A, no-CPI) ...
[234/673] 'HELL SCAPER-Last Escape Remix-' (A, no-CPI) ...
[235/673] 'Hello Happiness' (A, no-CPI) ...
[236/673] 'HIGH' (X, no-CPI) ...
[237/673] 'Holic' (A, no-CPI) ...
[238/673] 'Honey Trap' (A, no-CPI) ...
[239/673] 'Hydrogen Blueback' (X, no-CPI) ...
[240/673] 'HYPE THE CORE' (A, no-CPI) ...
[241/673] 'HYPERION' (A, no-CPI) ...
[242/673] 'I FIGHT ME' (X, no-CPI) ...
[243/673] 'I Love You' (A, no-CPI) ...
[244/673] 'I will be back-オレは帰ってきた-' (A, no-CPI) ...
[245/673] 'i-ii' (A, no-CPI) ...
[246/673] "I'm so Happy" (A, no-CPI) ...
[247/673] "IDC feat.REVERBEE (Mo'Cuts Ver)" (A, no-CPI) ...
[248/673] 'IDOL syndrome.' (X, no-CPI) ...
[249/673] 'ILAYZA' (A, no-CPI) ...
[250/673] 'IN BETWEEN' (A, no-CPI) ...
[251/673] 'In the Blackest Den' (A, no-CPI) ...
[252/673] 'in the Sky' (A, no-CPI) ...
[253/673] 'INAZUMA' (A, no-CPI) ...
[254/673] 'INHERITANCE' (A, no-CPI) ...
[255/673] 'Inner Spirit' (A, no-CPI) ...
[256/673] 'INORI' (A, no-CPI) ...
[257/673] 'Insane Techniques' (A, no-CPI) ...
[258/673] 'Into The Madness' (A, no-CPI) ...
[259/673] 'INVISIBLE STRIX' (A, no-CPI) ...
[260/673] 'Jack' (X, no-CPI) ...
[261/673] 'Journey' (X, no-CPI) ...
[262/673] 'Jungle Eater' (A, no-CPI) ...
[263/673] 'Just a Little Smile' (A, no-CPI) ...
[264/673] 'Just Gimme' (A, no-CPI) ...
[265/673] 'Kailua' (A, no-CPI) ...
[266/673] 'Kecak' (A, no-CPI) ...
[267/673] 'KEY' (A, no-CPI) ...
[268/673] 'KHAMEN BREAK' (A, no-CPI) ...
[269/673] "kors k's How to make OTOGE CORE" (A, no-CPI) ...
[270/673] "kors k's Let's make an Image Song!" (A, no-CPI) ...
[271/673] 'KYAMISAMA ONEGAI!' (X, no-CPI) ...
[272/673] 'LA FESTA LA VITA!!' (A, no-CPI) ...
[273/673] 'LAB' (X, no-CPI) ...
[274/673] 'LADYBIRD' (A, no-CPI) ...
[275/673] 'LAST DAY' (A, no-CPI) ...
[276/673] "Lawes's Parotia" (A, no-CPI) ...
[277/673] 'Legendary Treasures' (A, no-CPI) ...
[278/673] 'Let The Track Flow' (A, no-CPI) ...
[279/673] 'Light and Cyber…' (A, no-CPI) ...
[280/673] 'Lighting Shower' (A, no-CPI) ...
[281/673] 'TAKA\\,' (A, no-CPI) ...
[282/673] 'Like+it!' (A, no-CPI) ...
[283/673] 'Line 4 Ruin' (A, no-CPI) ...
[284/673] 'Linus' (A, no-CPI) ...
[285/673] 'Logic Board' (A, no-CPI) ...
[286/673] 'Lost wing at.0' (A, no-CPI) ...
[287/673] 'LOVE IS DREAMINESS' (A, no-CPI) ...
[288/673] 'Love Is Eternity' (A, no-CPI) ...
[289/673] 'Lovely Howdy Cowboy!!' (A, no-CPI) ...
[290/673] 'lowercase lifetime' (A, no-CPI) ...
[291/673] 'Lucy' (A, no-CPI) ...
[292/673] "LUV TO ME(UCCHIE'S EDITION)" (A, no-CPI) ...
[293/673] 'm1dy Deluxe' (A, no-CPI) ...
[294/673] 'm1dy Dynamic' (A, no-CPI) ...
[295/673] 'm1dy Festival' (A, no-CPI) ...
[296/673] 'Macuilxochitl' (A, no-CPI) ...
[297/673] 'MAGIC & LOVE' (A, no-CPI) ...
[298/673] '藤森崇多\\,' (A, no-CPI) ...
[299/673] 'MAXIVCORD' (A, no-CPI) ...
[300/673] 'MENTAL MELTDOWN' (A, no-CPI) ...
[301/673] 'Meteor☆Shower' (A, no-CPI) ...
[302/673] 'MINT' (A, no-CPI) ...
[303/673] 'Mira' (A, no-CPI) ...
[304/673] 'MIRACLE MEETS' (A, no-CPI) ...
[305/673] 'MOCHIMOCHI DREAMIN!!' (A, no-CPI) ...
[306/673] 'Modular Technology' (A, no-CPI) ...
[307/673] 'Monkey Business' (A, no-CPI) ...
[308/673] 'Move UR Body' (A, no-CPI) ...
[309/673] 'Moving on' (A, no-CPI) ...
[310/673] 'Mukade' (A, no-CPI) ...
[311/673] 'murmur twins' (A, no-CPI) ...
[312/673] 'MVP' (A, no-CPI) ...
[313/673] 'My Sweet Bird?' (X, no-CPI) ...
[314/673] "n'pa pa BBQ" (A, no-CPI) ...
[315/673] 'Nasty Techniques' (A, no-CPI) ...
[316/673] "naughty girl@Queen's Palace" (A, no-CPI) ...
[317/673] "naughty girl@Queen's Palace†" (A, no-CPI) ...
[318/673] 'Necroxis Girl' (A, no-CPI) ...
[319/673] 'NEMESIS' (A, no-CPI) ...
[320/673] 'NEMESIS-gratitude remix- IIDX Edition' (A, no-CPI) ...
[321/673] 'Nemophila' (A, no-CPI) ...
[322/673] 'Neo Heritage' (A, no-CPI) ...
[323/673] 'neogenesis' (X, no-CPI) ...
[324/673] 'Never Fade Away' (A, no-CPI) ...
[325/673] 'New Decade IIDX Edition' (A, no-CPI) ...
[326/673] 'NEW SENSATION-もう、あなたしか見えない-' (A, no-CPI) ...
[327/673] 'Next Tales 2 Oath(IIDX 20th Anniv \\ Theme)' (A, no-CPI) ...
[328/673] 'Night! Night! Night!' (A, no-CPI) ...
[329/673] 'Night sky' (A, no-CPI) ...
[330/673] 'No Limit 2 dAnce feat. 大山愛未' (A, no-CPI) ...
[331/673] 'No Tears' (A, no-CPI) ...
[332/673] 'No.13' (A, no-CPI) ...
[333/673] 'Nocturnal 2097' (A, no-CPI) ...
[334/673] 'nostos' (A, no-CPI) ...
[335/673] 'Ohayo!' (A, no-CPI) ...
[336/673] 'On the FM' (A, no-CPI) ...
[337/673] 'Onyx' (A, no-CPI) ...
[338/673] 'OOO' (X, no-CPI) ...
[339/673] 'OTOKOZAKA' (A, no-CPI) ...
[340/673] 'out of disk space' (A, no-CPI) ...
[341/673] 'Outbreak' (A, no-CPI) ...
[342/673] 'outer wall' (X, no-CPI) ...
[343/673] 'Overload Frontier' (A, no-CPI) ...
[344/673] 'Overslept' (A, no-CPI) ...
[345/673] 'PAPAYAPA BASS' (A, no-CPI) ...
[346/673] 'Para siempre' (A, no-CPI) ...
[347/673] 'PENDUAL TALISMAN' (A, no-CPI) ...
[348/673] 'Perfect Plan' (A, no-CPI) ...
[349/673] 'Pharaoh' (A, no-CPI) ...
[350/673] 'PHASE SHIFT MANEUVER' (A, no-CPI) ...
[351/673] 'PILGRIM' (A, no-CPI) ...
[352/673] 'Playing With Fire' (A, no-CPI) ...
[353/673] 'Plea Per Phase' (A, no-CPI) ...
[354/673] 'POLꓘAMAИIA' (A, no-CPI) ...
[355/673] 'Pollinosis' (A, no-CPI) ...
[356/673] 'POODLE' (X, no-CPI) ...
[357/673] 'PopなEDEN' (A, no-CPI) ...
[358/673] 'Pout' (A, no-CPI) ...
[359/673] 'Programmed Genom' (A, no-CPI) ...
[360/673] 'Programmed Sun' (A, no-CPI) ...
[361/673] 'Programmed World' (A, no-CPI) ...
[362/673] 'prompt' (A, no-CPI) ...
[363/673] 'Psychedelic Intelligence' (A, no-CPI) ...
[364/673] 'Psycho Sheep Riddim' (X, no-CPI) ...
[365/673] ',' (X, no-CPI) ...
[366/673] 'quasar' (A, no-CPI) ...
[367/673] 'Queen Kaguya' (A, no-CPI) ...
[368/673] 'Quick Silver' (A, no-CPI) ...
[369/673] 'R5' (A, no-CPI) ...
[370/673] 'rainbow flyer' (A, no-CPI) ...
[371/673] 'rainbow guitar weeps' (A, no-CPI) ...
[372/673] 'rainbow rainbow' (A, no-CPI) ...
[373/673] "Raison d'être～交差する宿命～" (A, no-CPI) ...
[374/673] 'Raspberry Potion(feat.あれたん♡ & ぎゃるのしん☆)' (A, no-CPI) ...
[375/673] 'Rave lithosphere' (A, no-CPI) ...
[376/673] 'Rave Saves You feat. Cardz(Exclusive IIDX Mix)' (A, no-CPI) ...
[377/673] 'RAVE SYNDROME' (A, no-CPI) ...
[378/673] 'Realize Maze' (A, no-CPI) ...
[379/673] 'Red Determination' (A, no-CPI) ...
[380/673] 'Red Soul' (A, no-CPI) ...
[381/673] 'refractive index' (A, no-CPI) ...
[382/673] 'Rejection Girl' (A, no-CPI) ...
[383/673] 'RESONATE 1794' (A, no-CPI) ...
[384/673] 'Ride To The Core' (A, no-CPI) ...
[385/673] 'RISING FIRE HAWK' (A, no-CPI) ...
[386/673] 'RISLIM-Remix-' (A, no-CPI) ...
[387/673] 'Ritual of Anubis' (A, no-CPI) ...
[388/673] 'Rock It' (A, no-CPI) ...
[389/673] 'Rock Da House' (A, no-CPI) ...
[390/673] 'ROCK女 feat. 大山愛未, Ken' (A, no-CPI) ...
[391/673] 'Romanticが止まらない' (A, no-CPI) ...
[392/673] 'R∞tAge' (A, no-CPI) ...
[393/673] 'Rosa azuL' (A, no-CPI) ...
[394/673] 'ROTTERDAM SHOGUN' (A, no-CPI) ...
[395/673] 'rough percussionythm' (A, no-CPI) ...
[396/673] 'Routing' (A, no-CPI) ...
[397/673] 'ROZA DE ANDALUCIA' (A, no-CPI) ...
[398/673] 'Rubrum Piano' (A, no-CPI) ...
[399/673] 'Ruler or Loser' (A, no-CPI) ...
[400/673] 'rumrum triplets' (A, no-CPI) ...
[401/673] 'S!ck' (A, no-CPI) ...
[402/673] 'S!ck (Nhato Remix)' (A, no-CPI) ...
[403/673] 'SABER WING' (A, no-CPI) ...
[404/673] 'Sakura Mirage' (A, no-CPI) ...
[405/673] 'Sakura Reflection' (A, no-CPI) ...
[406/673] 'Sarutobi Champion is 拙者' (A, no-CPI) ...
[407/673] 'satellite020712 from \\' (A, no-CPI) ...
[408/673] 'Scandal' (A, no-CPI) ...
[409/673] 'Scarlet Moon' (A, no-CPI) ...
[410/673] 'Scars of FAUNA' (A, no-CPI) ...
[411/673] 'Scharfrichter' (A, no-CPI) ...
[412/673] 'SCHWARZSCHILD FIELD' (A, no-CPI) ...
[413/673] 'Scripted Connection⇒ N mix' (X, no-CPI) ...
[414/673] 'Second Heaven' (A, no-CPI) ...
[415/673] 'Secret of Love' (A, no-CPI) ...
[416/673] 'See You Again' (A, no-CPI) ...
[417/673] 'SEITEN NO TERIYAKI' (A, no-CPI) ...
[418/673] 'Selfish Sweet' (X, no-CPI) ...
[419/673] 'SEQUENCE CAT' (A, no-CPI) ...
[420/673] 'Seraph' (A, no-CPI) ...
[421/673] 'Session 1-Genesis-' (A, no-CPI) ...
[422/673] 'SHADE' (A, no-CPI) ...
[423/673] 'Shadow World' (A, no-CPI) ...
[424/673] 'SHELTER OF THE MIND' (A, no-CPI) ...
[425/673] 'Shiva' (A, no-CPI) ...
[426/673] "Shoot'Em All" (A, no-CPI) ...
[427/673] 'Show Me All Your Love' (A, no-CPI) ...
[428/673] 'Six String Proof' (A, no-CPI) ...
[429/673] 'smile' (A, no-CPI) ...
[430/673] 'smooooch・∀・' (X, no-CPI) ...
[431/673] 'Smug Face-どうだ、オレの生き様は-(ONLY ONE EDITION)' (A, no-CPI) ...
[432/673] 'SnapSkipSpark' (A, no-CPI) ...
[433/673] 'Snow Goose' (A, no-CPI) ...
[434/673] 'Souhait bleu' (A, no-CPI) ...
[435/673] 'SOUND OF GIALLARHORN' (A, no-CPI) ...
[436/673] 'SPACE FIGHT' (A, no-CPI) ...
[437/673] 'Space In Time' (A, no-CPI) ...
[438/673] "Sparkle Smilin'" (A, no-CPI) ...
[439/673] 'Speculation' (A, no-CPI) ...
[440/673] 'Spica' (A, no-CPI) ...
[441/673] 'squall' (A, no-CPI) ...
[442/673] 'Squeeze' (A, no-CPI) ...
[443/673] 'Star Trail' (X, no-CPI) ...
[444/673] 'Stargazing Trip ～星 探す旅～ ft. 小林マナ' (A, no-CPI) ...
[445/673] 'STARLiGHT' (A, no-CPI) ...
[446/673] 'STARLIGHT JUNCTION' (X, no-CPI) ...
[447/673] 'State Of The Art' (A, no-CPI) ...
[448/673] 'Stella Sinistra' (A, no-CPI) ...
[449/673] 'STELLAR WIND' (A, no-CPI) ...
[450/673] 'stoic' (A, no-CPI) ...
[451/673] 'STOIC HYPOTHESIS' (A, no-CPI) ...
[452/673] 'STRAIGHT TO THE STARS' (A, no-CPI) ...
[453/673] 'Stylus' (A, no-CPI) ...
[454/673] 'Submerge Serenade' (A, no-CPI) ...
[455/673] 'Substance' (A, no-CPI) ...
[456/673] 'Sun Field' (A, no-CPI) ...
[457/673] 'SUNLiGHT (IIDX Mix)' (A, no-CPI) ...
[458/673] 'SUPER HEROINE!!' (A, no-CPI) ...
[459/673] 'Swarm Of Scarabs' (A, no-CPI) ...
[460/673] 'SWEETEST SAVAGE' (A, no-CPI) ...
[461/673] 'Swing My Wonderland' (A, no-CPI) ...
[462/673] 'Synergy For Angels' (A, no-CPI) ...
[463/673] 'T.R.O.L.L.' (A, no-CPI) ...
[464/673] 'Tail Lights' (A, no-CPI) ...
[465/673] 'Take It Easy' (A, no-CPI) ...
[466/673] 'Take My Life' (A, no-CPI) ...
[467/673] 'TECHNO RUMBLE' (A, no-CPI) ...
[468/673] 'Tell me what you wish feat.らっぷびと' (A, no-CPI) ...
[469/673] 'Temple of Anubis' (A, no-CPI) ...
[470/673] 'THE BLACK KNIGHT' (A, no-CPI) ...
[471/673] 'THE CANNONBALLER' (A, no-CPI) ...
[472/673] 'THE DETONATOR' (A, no-CPI) ...
[473/673] 'The Dirty of Loudness' (A, no-CPI) ...
[474/673] 'THE FALLEN' (A, no-CPI) ...
[475/673] 'THE LAST STRIKER' (A, no-CPI) ...
[476/673] 'the shadow' (A, no-CPI) ...
[477/673] 'THE SHINING POLARIS(kors k mix)' (A, no-CPI) ...
[478/673] 'THE TIME MACHINE' (A, no-CPI) ...
[479/673] 'the trigger of innocence' (X, no-CPI) ...
[480/673] 'Theory' (A, no-CPI) ...
[481/673] 'This Is Club Musik feat. 大久保紅葉' (A, no-CPI) ...
[482/673] '(This Is Not) The Angels' (A, no-CPI) ...
[483/673] 'Time Distortion pt.2(IIDX Edit)' (A, no-CPI) ...
[484/673] 'Time To Empress' (X, no-CPI) ...
[485/673] 'TOKAKU=ALMiRAJ' (A, no-CPI) ...
[486/673] 'ToyCube Pf.(RX-Ver.S.P.L.)' (X, no-CPI) ...
[487/673] 'TRIP THE DEEP' (A, no-CPI) ...
[488/673] 'tripping contact(teranoid&MC Natsack Remix)' (A, no-CPI) ...
[489/673] 'Tropical April' (A, no-CPI) ...
[490/673] 'TYPE MARS(G-Style Mix)' (A, no-CPI) ...
[491/673] 'U.S.A.' (A, no-CPI) ...
[492/673] 'Uh-Oh' (A, no-CPI) ...
[493/673] 'UMMU' (A, no-CPI) ...
[494/673] 'UNDERWORLD HOLOGRAPHY' (A, no-CPI) ...
[495/673] 'Unicorn tail' (A, no-CPI) ...
[496/673] 'UNITE THE HEART' (A, no-CPI) ...
[497/673] 'Urban Constellations' (A, no-CPI) ...
[498/673] 'Usual Days-remix' (A, no-CPI) ...
[499/673] 'V2' (A, no-CPI) ...
[500/673] 'Valgus' (A, no-CPI) ...
[501/673] 'VALKYRIAS -英雄誕生-' (A, no-CPI) ...
[502/673] 'VALLIS-NERIA' (A, no-CPI) ...
[503/673] 'VEGA' (A, no-CPI) ...
[504/673] 'Ventriloquist' (A, no-CPI) ...
[505/673] 'Victory Of Ravers' (A, no-CPI) ...
[506/673] 'Violet Rose' (A, no-CPI) ...
[507/673] 'Vitamin' (A, no-CPI) ...
[508/673] 'voice of echo.' (A, no-CPI) ...
[509/673] 'Volcanic Dragon' (A, no-CPI) ...
[510/673] 'VOLCANIC BIGBEAT' (A, no-CPI) ...
[511/673] 'Votum stellarum-Hommarju Remix-' (A, no-CPI) ...
[512/673] 'Vulkan' (A, no-CPI) ...
[513/673] 'Wanna Party?' (X, no-CPI) ...
[514/673] 'Wanna Party?†' (A, no-CPI) ...
[515/673] 'winkle 2 winkle' (A, no-CPI) ...
[516/673] 'WISE UP!' (X, no-CPI) ...
[517/673] 'With You' (A, no-CPI) ...
[518/673] 'Wolf 1061' (A, no-CPI) ...
[519/673] 'Wonder Bullfighter' (A, no-CPI) ...
[520/673] 'Wonder Girl feat. Kanae Asaba' (A, no-CPI) ...
[521/673] 'Wonderland' (A, no-CPI) ...
[522/673] 'X-ray binary' (A, no-CPI) ...
[523/673] 'XANADU OF TWO' (X, no-CPI) ...
[524/673] 'xenon' (A, no-CPI) ...
[525/673] 'XENON II ～TOMOYUKIの野望～' (A, no-CPI) ...
[526/673] 'Xepher' (A, no-CPI) ...
[527/673] 'XINOBIKILL' (A, no-CPI) ...
[528/673] 'Xyndrome' (A, no-CPI) ...
[529/673] 'yamabiko(SINOBUZ Edition)' (A, no-CPI) ...
[530/673] 'YELLOW FROG from Steel Chronicle' (X, no-CPI) ...
[531/673] 'Yellow Sketch(RX-Ver.S.P.L.)' (A, no-CPI) ...
[532/673] "You'll say \\" (A, no-CPI) ...
[533/673] 'Yum Yum Jelly' (A, no-CPI) ...
[534/673] 'ZED' (A, no-CPI) ...
[535/673] 'ZENDEGI DANCE' (A, no-CPI) ...
[536/673] 'Zenith' (A, no-CPI) ...
[537/673] 'ZEИITH' (A, no-CPI) ...
[538/673] 'ZERO-ONE' (X, no-CPI) ...
[539/673] 'ZETA～素数の世界と超越者～' (A, no-CPI) ...
[540/673] '100% minimoo-G' (A, no-CPI) ...
[541/673] '10000 MILES AWAY' (A, no-CPI) ...
[542/673] '1st Samurai' (A, no-CPI) ...
[543/673] '2 tribe 4 K' (A, no-CPI) ...
[544/673] '20XX' (A, no-CPI) ...
[545/673] '24th Century BOY' (A, no-CPI) ...
[546/673] '27th style' (A, no-CPI) ...
[547/673] '3V0' (A, no-CPI) ...
[548/673] '405nm(Ryu☆mix)' (A, no-CPI) ...
[549/673] '50th Memorial Songs -The BEMANI History-' (A, no-CPI) ...
[550/673] '532nm' (A, no-CPI) ...
[551/673] 'アイドル' (X, no-CPI) ...
[552/673] '青の洞窟' (A, no-CPI) ...
[553/673] '朝焼けから始まるボクらの小さな旅' (A, no-CPI) ...
[554/673] 'あるビー！ feat.ころねぽち' (A, no-CPI) ...
[555/673] '& Intelligence' (A, no-CPI) ...
[556/673] 'いつかオトナになれるといいね。' (A, no-CPI) ...
[557/673] '命の標本' (A, no-CPI) ...
[558/673] 'うさ☆かめ 大戦争！' (A, no-CPI) ...
[559/673] 'ウツシミウツシ' (A, no-CPI) ...
[560/673] '麗 ～うらら～' (A, no-CPI) ...
[561/673] 'ÆTHER' (A, no-CPI) ...
[562/673] 'えだまめカレークッキング' (A, no-CPI) ...
[563/673] '《ORDERBREAKER》' (A, no-CPI) ...
[564/673] 'おーまい！らぶりー！すうぃーてぃ！だーりん！' (A, no-CPI) ...
[565/673] 'オールトの雲' (A, no-CPI) ...
[566/673] '御千手メディテーション' (A, no-CPI) ...
[567/673] 'オドループ' (X, no-CPI) ...
[568/673] '鬼天' (A, no-CPI) ...
[569/673] '朧' (X, no-CPI) ...
[570/673] '朧†' (A, no-CPI) ...
[571/673] '怪物' (X, no-CPI) ...
[572/673] 'ガヴリールドロップキック' (A, no-CPI) ...
[573/673] '覚悟せよ！エンタンメ～ン～より身の切り売り自暴自棄版～' (A, no-CPI) ...
[574/673] '禍根' (A, no-CPI) ...
[575/673] 'か・し・ま・し☆PUMP UP！' (A, no-CPI) ...
[576/673] '合体せよ!ストロングイェーガー!!(Ryu☆ remix)' (A, no-CPI) ...
[577/673] '鴉' (A, no-CPI) ...
[578/673] '華麗なる!音戯探偵ひなビタ♫' (A, no-CPI) ...
[579/673] 'きみのせかい' (A, no-CPI) ...
[580/673] '響花水月' (A, no-CPI) ...
[581/673] '狂水一華' (A, no-CPI) ...
[582/673] 'ぐだふわエブリデー' (A, no-CPI) ...
[583/673] '《GRANDMASTER》' (A, no-CPI) ...
[584/673] 'ゲシュタルト' (X, no-CPI) ...
[585/673] '恋は白帯、サンシロー' (X, no-CPI) ...
[586/673] '恋は白帯、サンシロー†' (A, no-CPI) ...
[587/673] 'ここからよろしく大作戦143' (X, no-CPI) ...
[588/673] '炸裂！イェーガー電光チョップ!!(JAEGER FINAL ATTACK)' (A, no-CPI) ...
[589/673] '時空トラベローグ' (A, no-CPI) ...
[590/673] '雫' (A, no-CPI) ...
[591/673] '死神自爆中二妹アイドルももかりん(1歳)' (A, no-CPI) ...
[592/673] '忍恋花' (A, no-CPI) ...
[593/673] 'シャムシールの舞' (A, no-CPI) ...
[594/673] '純真可憐デザイア' (X, no-CPI) ...
[595/673] '少年リップルズ' (A, no-CPI) ...
[596/673] 'シル・ヴ・プレジデント' (X, no-CPI) ...
[597/673] 'セロトニン' (A, no-CPI) ...
[598/673] '全力 SPECIAL VACATION!!～限りある休日～' (A, no-CPI) ...
[599/673] '創世ノート' (A, no-CPI) ...
[600/673] '泰東ノ翠霞' (A, no-CPI) ...
[601/673] '太陽SUNSUNボンジュールアバンチュール' (A, no-CPI) ...
[602/673] 'たからもの' (X, no-CPI) ...
[603/673] '打打打打打打打打打打' (A, no-CPI) ...
[604/673] '旅人リラン' (A, no-CPI) ...
[605/673] '断罪の一花' (A, no-CPI) ...
[606/673] 'タンポポ' (A, no-CPI) ...
[607/673] 'チェイスチェイスジョーカーズのうた(オニスタイルリミックス)' (A, no-CPI) ...
[608/673] 'ちょえちょえまぎか' (A, no-CPI) ...
[609/673] '追想快晴テーマパーク' (A, no-CPI) ...
[610/673] '月とミルク' (A, no-CPI) ...
[611/673] 'ディッシュウォッシャー◎彡おいわちゃん' (A, no-CPI) ...
[612/673] '天空脳番長危機十六連打' (A, no-CPI) ...
[613/673] 'デッドボヲルdeホームラン' (A, no-CPI) ...
[614/673] 'デモーニッシュ' (A, no-CPI) ...
[615/673] 'Ｘ↑Ｘ↓' (A, no-CPI) ...
[616/673] 'でんぱ どりる わんにゃー☆三' (A, no-CPI) ...
[617/673] 'ドッキン☆サマーあばんちゅーる' (A, no-CPI) ...
[618/673] 'とろぴかる倶楽部' (A, no-CPI) ...
[619/673] '涙のテ・エストラーニョ・ムーチョ' (A, no-CPI) ...
[620/673] '寝起きヤシの木' (A, no-CPI) ...
[621/673] '眠りの国のステラ' (A, no-CPI) ...
[622/673] 'ハードベース・フェスタ' (A, no-CPI) ...
[623/673] 'パーフェクトイーター' (A, no-CPI) ...
[624/673] 'ハオ' (A, no-CPI) ...
[625/673] '儚き恋の華' (A, no-CPI) ...
[626/673] '爆ゼニ☆がってんワーカー' (A, no-CPI) ...
[627/673] '爆ぜりゃんせ' (A, no-CPI) ...
[628/673] '果たせぬ約束 ft. 小林マナ' (A, no-CPI) ...
[629/673] 'バッドエンド・シンドローム' (A, no-CPI) ...
[630/673] '花冠 feat.Aikapin' (A, no-CPI) ...
[631/673] 'バ→ビ→ブ→Bomb!' (A, no-CPI) ...
[632/673] 'パ→ピ→プ→Yeah!' (A, no-CPI) ...
[633/673] 'パラドキシカル・タイムリープトライアル(Short Ver.)' (A, no-CPI) ...
[634/673] 'バンブーソード・ガール' (A, no-CPI) ...
[635/673] '¡Viva!' (X, no-CPI) ...
[636/673] ',' (A, no-CPI) ...
[637/673] 'ファイナルレター' (A, no-CPI) ...
[638/673] '冬椿 ft. Kanae Asaba' (X, no-CPI) ...
[639/673] '冬椿 ft. Kanae Asaba†' (A, no-CPI) ...
[640/673] 'ぷろぐれっしぶ時空少女!うらしまたろ子ちゃん!' (A, no-CPI) ...
[641/673] 'ベィスドロップ・フリークス' (X, no-CPI) ...
[642/673] 'ベラ・ベ・カラベラ' (A, no-CPI) ...
[643/673] '牧神笛吹きて' (A, no-CPI) ...
[644/673] 'マーシャル・マキシマイザー' (A, no-CPI) ...
[645/673] 'マインド・ゲーム' (A, no-CPI) ...
[646/673] 'マチ子の唄' (X, no-CPI) ...
[647/673] 'マツケンサンバII' (A, no-CPI) ...
[648/673] 'まほろば' (X, no-CPI) ...
[649/673] '曼荼羅恋々' (A, no-CPI) ...
[650/673] 'ミッドナイト☆WAR' (A, no-CPI) ...
[651/673] 'ミッドナイト堕天使' (A, no-CPI) ...
[652/673] 'ミュージック・アワー' (A, no-CPI) ...
[653/673] '無意識のフィロソフィア' (A, no-CPI) ...
[654/673] '無双' (A, no-CPI) ...
[655/673] 'めうめうぺったんたん！！(ZAQUVA Remix)' (A, no-CPI) ...
[656/673] 'メズマライザー' (A, no-CPI) ...
[657/673] 'もっと!モット!ときめき feat.松下' (A, no-CPI) ...
[658/673] '勇者' (A, no-CPI) ...
[659/673] '夕焼け～Fading Day～' (A, no-CPI) ...
[660/673] 'ユミル' (A, no-CPI) ...
[661/673] '夢縁' (A, no-CPI) ...
[662/673] 'ラクエン' (A, no-CPI) ...
[663/673] 'ラビットホール' (A, no-CPI) ...
[664/673] 'ランカーキラーガール' (A, no-CPI) ...
[665/673] '乱膳の舞姫' (A, no-CPI) ...
[666/673] '輪廻の鴉' (A, no-CPI) ...
[667/673] '量子の海のリントヴルム' (A, no-CPI) ...
[668/673] '凛として咲く花の如く' (X, no-CPI) ...
[669/673] '凛として咲く花の如く†' (A, no-CPI) ...
[670/673] '令和(1991RAVE REMIX)' (A, no-CPI) ...
[671/673] '煉獄コンフィチュール' (A, no-CPI) ...
[672/673] '錬成人間トリコロイダー' (A, no-CPI) ...
[673/673] '惑星☆ロリポップ' (A, no-CPI) ...

Saved 673 rows → data/features_sp11.csv
Failed: 0
